03-10-2026 14:48:23 - DEBUG - Starting new HTTPS connection (1): mc.acquaventura.com.br:18090
03-10-2026 14:48:23 - DEBUG - https://mc.acquaventura.com.br:18090 "GET /(EADEE697-213B-41E4-8806-BFA80E31144B)/retail.svc HTTP/1.1" 200 3247
03-10-2026 14:48:23 - INFO - [32m [200 ok] API MultiClubes Fatto: Succes
03-10-2026 14:48:23 - DEBUG - Starting new HTTPS connection (1): s3.sa-east-1.amazonaws.com:443
03-10-2026 14:48:24 - DEBUG - https://s3.sa-east-1.amazonaws.com:443 "GET / HTTP/1.1" 307 0
03-10-2026 14:48:24 - DEBUG - Starting new HTTPS connection (1): aws.amazon.com:443
03-10-2026 14:48:24 - DEBUG - https://aws.amazon.com:443 "GET /s3/ HTTP/1.1" 200 None
03-10-2026 14:48:24 - INFO - [32m [200 ok] AWS (S3-São Paulo): Succes
03-10-2026 14:48:24 - DEBUG - Starting new HTTPS connection (1): ec2.sa-east-1.amazonaws.com:443
03-10-2026 14:48:24 - DEBUG - https://ec2.sa-east-1.amazonaws.com:443 "GET / HTTP/1.1" 301 0
03-10-2026 14:48:24 - DEBUG - Starting new HTTPS connection (1): aws.amazon.com:443
03-10-2026 14:48:25 - DEBUG - https://aws.amazon.com:443 "GET /ec2 HTTP/1.1" 301 0
03-10-2026 14:48:25 - DEBUG - https://aws.amazon.com:443 "GET /ec2/ HTTP/1.1" 200 None
03-10-2026 14:48:25 - INFO - [32m [200 ok] AWS (EC2-São Paulo): Succes
03-10-2026 14:48:25 - DEBUG - Starting new HTTPS connection (1): www.google.com:443
03-10-2026 14:48:25 - DEBUG - https://www.google.com:443 "GET / HTTP/1.1" 200 None
03-10-2026 14:48:25 - INFO - [32m [200 ok] Google: Succes
03-10-2026 14:48:25 - DEBUG - Starting new HTTPS connection (1): www.bcb.gov.br:443
03-10-2026 14:48:25 - DEBUG - https://www.bcb.gov.br:443 "GET / HTTP/1.1" 200 2871
03-10-2026 14:48:25 - INFO - [32m [200 ok] BCB: Succes
03-10-2026 14:48:25 - DEBUG - Starting new HTTPS connection (1): www.bb.com.br:443
03-10-2026 14:48:26 - DEBUG - https://www.bb.com.br:443 "GET / HTTP/1.1" 200 None
03-10-2026 14:48:26 - INFO - [32m [200 ok] Banco do Brasil: Succes
03-10-2026 14:48:26 - DEBUG - Starting new HTTPS connection (1): www.itau.com.br:443
03-10-2026 14:48:26 - DEBUG - https://www.itau.com.br:443 "GET / HTTP/1.1" 200 23048
03-10-2026 14:48:26 - INFO - [32m [200 ok] Itaú: Succes
03-10-2026 14:48:26 - DEBUG - Starting new HTTPS connection (1): www.bradesco.com.br:443
03-10-2026 14:48:26 - DEBUG - https://www.bradesco.com.br:443 "GET / HTTP/1.1" 301 0
03-10-2026 14:48:26 - DEBUG - Starting new HTTPS connection (1): banco.bradesco:443
03-10-2026 14:48:26 - DEBUG - https://banco.bradesco:443 "GET / HTTP/1.1" 200 3452
03-10-2026 14:48:26 - INFO - [32m [200 ok] Bradesco: Succes
03-10-2026 14:48:26 - DEBUG - Starting new HTTPS connection (1): www.caixa.gov.br:443
03-10-2026 14:48:27 - DEBUG - https://www.caixa.gov.br:443 "GET / HTTP/1.1" 302 None
03-10-2026 14:48:27 - DEBUG - https://www.caixa.gov.br:443 "GET / HTTP/1.1" 302 170
03-10-2026 14:48:27 - DEBUG - Starting new HTTP connection (1): www.caixa.gov.br:80
03-10-2026 14:48:27 - DEBUG - http://www.caixa.gov.br:80 "GET /Paginas/home-caixa.aspx HTTP/1.1" 301 162
03-10-2026 14:48:27 - DEBUG - https://www.caixa.gov.br:443 "GET /Paginas/home-caixa.aspx HTTP/1.1" 200 None
03-10-2026 14:48:27 - INFO - [32m [200 ok] Caixa Econômica Federal: Succes
03-10-2026 14:48:27 - DEBUG - Starting new HTTPS connection (1): www.santander.com.br:443
03-10-2026 14:48:27 - DEBUG - https://www.santander.com.br:443 "GET / HTTP/1.1" 200 20583
03-10-2026 14:48:27 - INFO - [32m [200 ok] Santander: Succes
03-10-2026 14:48:27 - DEBUG - Starting new HTTPS connection (1): nubank.com.br:443
03-10-2026 14:48:28 - DEBUG - https://nubank.com.br:443 "GET / HTTP/1.1" 200 None
03-10-2026 14:48:28 - INFO - [32m [200 ok] Nubank: Succes
03-10-2026 14:48:28 - DEBUG - Starting new HTTPS connection (1): bancointer.com.br:443
03-10-2026 14:48:28 - DEBUG - https://bancointer.com.br:443 "GET / HTTP/1.1" 301 0
03-10-2026 14:48:28 - DEBUG - Starting new HTTPS connection (1): inter.co:443
03-10-2026 14:48:28 - DEBUG - https://inter.co:443 "GET / HTTP/1.1" 200 None
03-10-2026 14:48:28 - INFO - [32m [200 ok] Banco Inter: Succes
03-10-2026 14:48:28 - DEBUG - Starting new HTTPS connection (1): www.softwareexpress.com.br:443
03-10-2026 14:48:28 - DEBUG - https://www.softwareexpress.com.br:443 "GET / HTTP/1.1" 200 90326
03-10-2026 14:48:28 - INFO - [32m [200 ok] Software Express / SiTef (Site Institucional): Succes
03-10-2026 14:48:28 - DEBUG - Starting new HTTPS connection (1): www.softwareexp555ress.com.br:443
03-10-2026 14:48:28 - CRITICAL - [31mFalha ao conectar: Software Express / SiTef (Site Institucional) - Teste Erro
03-10-2026 14:50:02 - DEBUG - Starting new HTTPS connection (1): mc.acquaventura.com.br:18090
03-10-2026 14:50:02 - DEBUG - https://mc.acquaventura.com.br:18090 "GET /(EADEE697-213B-41E4-8806-BFA80E31144B)/retail.svc HTTP/1.1" 200 3247
03-10-2026 14:50:02 - INFO - [32m [200 ok] API MultiClubes Fatto: Succes
03-10-2026 14:50:02 - DEBUG - Starting new HTTPS connection (1): s3.sa-east-1.amazonaws.com:443
03-10-2026 14:50:02 - DEBUG - https://s3.sa-east-1.amazonaws.com:443 "GET / HTTP/1.1" 307 0
03-10-2026 14:50:02 - DEBUG - Starting new HTTPS connection (1): aws.amazon.com:443
03-10-2026 14:50:02 - DEBUG - https://aws.amazon.com:443 "GET /s3/ HTTP/1.1" 200 None
03-10-2026 14:50:02 - INFO - [32m [200 ok] AWS (S3-São Paulo): Succes
03-10-2026 14:50:02 - DEBUG - Starting new HTTPS connection (1): ec2.sa-east-1.amazonaws.com:443
03-10-2026 14:50:03 - DEBUG - https://ec2.sa-east-1.amazonaws.com:443 "GET / HTTP/1.1" 301 0
03-10-2026 14:50:03 - DEBUG - Starting new HTTPS connection (1): aws.amazon.com:443
03-10-2026 14:50:03 - DEBUG - https://aws.amazon.com:443 "GET /ec2 HTTP/1.1" 301 0
03-10-2026 14:50:03 - DEBUG - https://aws.amazon.com:443 "GET /ec2/ HTTP/1.1" 200 None
03-10-2026 14:50:03 - INFO - [32m [200 ok] AWS (EC2-São Paulo): Succes
03-10-2026 14:50:03 - DEBUG - Starting new HTTPS connection (1): www.google.com:443
03-10-2026 14:50:03 - DEBUG - https://www.google.com:443 "GET / HTTP/1.1" 200 None
03-10-2026 14:50:03 - INFO - [32m [200 ok] Google: Succes
03-10-2026 14:50:03 - DEBUG - Starting new HTTPS connection (1): www.bcb.gov.br:443
03-10-2026 14:50:04 - DEBUG - https://www.bcb.gov.br:443 "GET / HTTP/1.1" 200 2871
03-10-2026 14:50:04 - INFO - [32m [200 ok] BCB: Succes
03-10-2026 14:50:04 - DEBUG - Starting new HTTPS connection (1): www.bb.com.br:443
03-10-2026 14:50:04 - DEBUG - https://www.bb.com.br:443 "GET / HTTP/1.1" 200 None
03-10-2026 14:50:04 - INFO - [32m [200 ok] Banco do Brasil: Succes
03-10-2026 14:50:04 - DEBUG - Starting new HTTPS connection (1): www.itau.com.br:443
03-10-2026 14:50:04 - DEBUG - https://www.itau.com.br:443 "GET / HTTP/1.1" 200 23048
03-10-2026 14:50:04 - INFO - [32m [200 ok] Itaú: Succes
03-10-2026 14:50:04 - DEBUG - Starting new HTTPS connection (1): www.bradesco.com.br:443
03-10-2026 14:50:04 - DEBUG - https://www.bradesco.com.br:443 "GET / HTTP/1.1" 301 0
03-10-2026 14:50:04 - DEBUG - Starting new HTTPS connection (1): banco.bradesco:443
03-10-2026 14:50:05 - DEBUG - https://banco.bradesco:443 "GET / HTTP/1.1" 200 3452
03-10-2026 14:50:05 - INFO - [32m [200 ok] Bradesco: Succes
03-10-2026 14:50:05 - DEBUG - Starting new HTTPS connection (1): www.caixa.gov.br:443
03-10-2026 14:50:05 - DEBUG - https://www.caixa.gov.br:443 "GET / HTTP/1.1" 302 None
03-10-2026 14:50:05 - DEBUG - https://www.caixa.gov.br:443 "GET / HTTP/1.1" 302 170
03-10-2026 14:50:05 - DEBUG - Starting new HTTP connection (1): www.caixa.gov.br:80
03-10-2026 14:50:05 - DEBUG - http://www.caixa.gov.br:80 "GET /Paginas/home-caixa.aspx HTTP/1.1" 301 162
03-10-2026 14:50:05 - DEBUG - https://www.caixa.gov.br:443 "GET /Paginas/home-caixa.aspx HTTP/1.1" 200 None
03-10-2026 14:50:05 - INFO - [32m [200 ok] Caixa Econômica Federal: Succes
03-10-2026 14:50:05 - DEBUG - Starting new HTTPS connection (1): www.santander.com.br:443
03-10-2026 14:50:05 - DEBUG - https://www.santander.com.br:443 "GET / HTTP/1.1" 200 20583
03-10-2026 14:50:05 - INFO - [32m [200 ok] Santander: Succes
03-10-2026 14:50:05 - DEBUG - Starting new HTTPS connection (1): nubank.com.br:443
03-10-2026 14:50:05 - DEBUG - https://nubank.com.br:443 "GET / HTTP/1.1" 200 None
03-10-2026 14:50:05 - INFO - [32m [200 ok] Nubank: Succes
03-10-2026 14:50:05 - DEBUG - Starting new HTTPS connection (1): bancointer.com.br:443
03-10-2026 14:50:06 - DEBUG - https://bancointer.com.br:443 "GET / HTTP/1.1" 301 0
03-10-2026 14:50:06 - DEBUG - Starting new HTTPS connection (1): inter.co:443
03-10-2026 14:50:06 - DEBUG - https://inter.co:443 "GET / HTTP/1.1" 200 None
03-10-2026 14:50:06 - INFO - [32m [200 ok] Banco Inter: Succes
03-10-2026 14:50:06 - DEBUG - Starting new HTTPS connection (1): www.softwareexpress.com.br:443
03-10-2026 14:50:06 - DEBUG - https://www.softwareexpress.com.br:443 "GET / HTTP/1.1" 200 90326
03-10-2026 14:50:06 - INFO - [32m [200 ok] Software Express / SiTef (Site Institucional): Succes
03-10-2026 14:50:06 - DEBUG - Starting new HTTPS connection (1): www.softwareexp555ress.com.br:443
03-10-2026 14:50:06 - CRITICAL - [31mFalha ao conectar: Software Express / SiTef (Site Institucional) - Teste Erro
03-10-2026 14:53:39 - DEBUG - Starting new HTTPS connection (1): mc.acquaventura.com.br:18090
03-10-2026 14:53:39 - DEBUG - https://mc.acquaventura.com.br:18090 "GET /(EADEE697-213B-41E4-8806-BFA80E31144B)/retail.svc HTTP/1.1" 200 3247
03-10-2026 14:53:39 - INFO - [32m [200 ok] API MultiClubes Fatto: Succes
03-10-2026 14:53:39 - DEBUG - Starting new HTTPS connection (1): s3.sa-east-1.amazonaws.com:443
03-10-2026 14:53:39 - DEBUG - https://s3.sa-east-1.amazonaws.com:443 "GET / HTTP/1.1" 307 0
03-10-2026 14:53:39 - DEBUG - Starting new HTTPS connection (1): aws.amazon.com:443
03-10-2026 14:53:39 - DEBUG - https://aws.amazon.com:443 "GET /s3/ HTTP/1.1" 200 None
03-10-2026 14:53:39 - INFO - [32m [200 ok] AWS (S3-São Paulo): Succes
03-10-2026 14:53:39 - DEBUG - Starting new HTTPS connection (1): ec2.sa-east-1.amazonaws.com:443
03-10-2026 14:53:40 - DEBUG - https://ec2.sa-east-1.amazonaws.com:443 "GET / HTTP/1.1" 301 0
03-10-2026 14:53:40 - DEBUG - Starting new HTTPS connection (1): aws.amazon.com:443
03-10-2026 14:53:40 - DEBUG - https://aws.amazon.com:443 "GET /ec2 HTTP/1.1" 301 0
03-10-2026 14:53:40 - DEBUG - https://aws.amazon.com:443 "GET /ec2/ HTTP/1.1" 200 None
03-10-2026 14:53:41 - INFO - [32m [200 ok] AWS (EC2-São Paulo): Succes
03-10-2026 14:53:41 - DEBUG - Starting new HTTPS connection (1): www.google.com:443
03-10-2026 14:53:41 - DEBUG - https://www.google.com:443 "GET / HTTP/1.1" 200 None
03-10-2026 14:53:41 - INFO - [32m [200 ok] Google: Succes
03-10-2026 14:53:41 - DEBUG - Starting new HTTPS connection (1): www.bcb.gov.br:443
03-10-2026 14:53:41 - DEBUG - https://www.bcb.gov.br:443 "GET / HTTP/1.1" 200 2871
03-10-2026 14:53:41 - INFO - [32m [200 ok] BCB: Succes
03-10-2026 14:53:41 - DEBUG - Starting new HTTPS connection (1): www.bb.com.br:443
03-10-2026 14:53:41 - DEBUG - https://www.bb.com.br:443 "GET / HTTP/1.1" 200 None
03-10-2026 14:53:41 - INFO - [32m [200 ok] Banco do Brasil: Succes
03-10-2026 14:53:41 - DEBUG - Starting new HTTPS connection (1): www.itau.com.br:443
03-10-2026 14:53:42 - DEBUG - https://www.itau.com.br:443 "GET / HTTP/1.1" 200 23032
03-10-2026 14:53:42 - INFO - [32m [200 ok] Itaú: Succes
03-10-2026 14:53:42 - DEBUG - Starting new HTTPS connection (1): www.bradesco.com.br:443
03-10-2026 14:53:42 - DEBUG - https://www.bradesco.com.br:443 "GET / HTTP/1.1" 301 0
03-10-2026 14:53:42 - DEBUG - Starting new HTTPS connection (1): banco.bradesco:443
03-10-2026 14:53:42 - DEBUG - https://banco.bradesco:443 "GET / HTTP/1.1" 200 3448
03-10-2026 14:53:42 - INFO - [32m [200 ok] Bradesco: Succes
03-10-2026 14:53:42 - DEBUG - Starting new HTTPS connection (1): www.caixa.gov.br:443
03-10-2026 14:53:43 - DEBUG - https://www.caixa.gov.br:443 "GET / HTTP/1.1" 302 None
03-10-2026 14:53:43 - DEBUG - https://www.caixa.gov.br:443 "GET / HTTP/1.1" 302 170
03-10-2026 14:53:43 - DEBUG - Starting new HTTP connection (1): www.caixa.gov.br:80
03-10-2026 14:53:43 - DEBUG - http://www.caixa.gov.br:80 "GET /Paginas/home-caixa.aspx HTTP/1.1" 301 162
03-10-2026 14:53:43 - DEBUG - https://www.caixa.gov.br:443 "GET /Paginas/home-caixa.aspx HTTP/1.1" 200 None
03-10-2026 14:53:43 - INFO - [32m [200 ok] Caixa Econômica Federal: Succes
03-10-2026 14:53:43 - DEBUG - Starting new HTTPS connection (1): www.santander.com.br:443
03-10-2026 14:53:43 - DEBUG - https://www.santander.com.br:443 "GET / HTTP/1.1" 200 20583
03-10-2026 14:53:43 - INFO - [32m [200 ok] Santander: Succes
03-10-2026 14:53:43 - DEBUG - Starting new HTTPS connection (1): nubank.com.br:443
03-10-2026 14:53:44 - DEBUG - https://nubank.com.br:443 "GET / HTTP/1.1" 200 None
03-10-2026 14:53:44 - INFO - [32m [200 ok] Nubank: Succes
03-10-2026 14:53:44 - DEBUG - Starting new HTTPS connection (1): bancointer.com.br:443
03-10-2026 14:53:44 - DEBUG - https://bancointer.com.br:443 "GET / HTTP/1.1" 301 0
03-10-2026 14:53:44 - DEBUG - Starting new HTTPS connection (1): inter.co:443
03-10-2026 14:53:44 - DEBUG - https://inter.co:443 "GET / HTTP/1.1" 200 None
03-10-2026 14:53:44 - INFO - [32m [200 ok] Banco Inter: Succes
03-10-2026 14:53:44 - DEBUG - Starting new HTTPS connection (1): www.softwareexpress.com.br:443
03-10-2026 14:53:45 - DEBUG - https://www.softwareexpress.com.br:443 "GET / HTTP/1.1" 200 90326
03-10-2026 14:53:45 - INFO - [32m [200 ok] Software Express / SiTef (Site Institucional): Succes
03-10-2026 14:53:45 - DEBUG - Starting new HTTPS connection (1): www.softwareexp555ress.com.br:443
03-10-2026 14:53:45 - CRITICAL - [31mFalha ao conectar: Software Express / SiTef (Site Institucional) - Teste Erro
03-10-2026 14:53:55 - DEBUG - Starting new HTTPS connection (1): mc.acquaventura.com.br:18090
03-10-2026 14:53:55 - DEBUG - https://mc.acquaventura.com.br:18090 "GET /(EADEE697-213B-41E4-8806-BFA80E31144B)/retail.svc HTTP/1.1" 200 3247
03-10-2026 14:53:55 - INFO - [32m [200 ok] API MultiClubes Fatto: Succes
03-10-2026 14:53:55 - DEBUG - Starting new HTTPS connection (1): s3.sa-east-1.amazonaws.com:443
03-10-2026 14:53:55 - DEBUG - https://s3.sa-east-1.amazonaws.com:443 "GET / HTTP/1.1" 307 0
03-10-2026 14:53:55 - DEBUG - Starting new HTTPS connection (1): aws.amazon.com:443
03-10-2026 14:53:55 - DEBUG - https://aws.amazon.com:443 "GET /s3/ HTTP/1.1" 200 None
03-10-2026 14:53:55 - INFO - [32m [200 ok] AWS (S3-São Paulo): Succes
03-10-2026 14:53:55 - DEBUG - Starting new HTTPS connection (1): ec2.sa-east-1.amazonaws.com:443
03-10-2026 14:53:56 - DEBUG - https://ec2.sa-east-1.amazonaws.com:443 "GET / HTTP/1.1" 301 0
03-10-2026 14:53:56 - DEBUG - Starting new HTTPS connection (1): aws.amazon.com:443
03-10-2026 14:53:56 - DEBUG - https://aws.amazon.com:443 "GET /ec2 HTTP/1.1" 301 0
03-10-2026 14:53:56 - DEBUG - https://aws.amazon.com:443 "GET /ec2/ HTTP/1.1" 200 None
03-10-2026 14:53:56 - INFO - [32m [200 ok] AWS (EC2-São Paulo): Succes
03-10-2026 14:53:56 - DEBUG - Starting new HTTPS connection (1): www.google.com:443
03-10-2026 14:53:56 - DEBUG - https://www.google.com:443 "GET / HTTP/1.1" 200 None
03-10-2026 14:53:56 - INFO - [32m [200 ok] Google: Succes
03-10-2026 14:53:56 - DEBUG - Starting new HTTPS connection (1): www.bcb.gov.br:443
03-10-2026 14:53:57 - DEBUG - https://www.bcb.gov.br:443 "GET / HTTP/1.1" 200 2871
03-10-2026 14:53:57 - INFO - [32m [200 ok] BCB: Succes
03-10-2026 14:53:57 - DEBUG - Starting new HTTPS connection (1): www.bb.com.br:443
03-10-2026 14:53:57 - DEBUG - https://www.bb.com.br:443 "GET / HTTP/1.1" 200 None
03-10-2026 14:53:57 - INFO - [32m [200 ok] Banco do Brasil: Succes
03-10-2026 14:53:57 - DEBUG - Starting new HTTPS connection (1): www.itau.com.br:443
03-10-2026 14:53:57 - DEBUG - https://www.itau.com.br:443 "GET / HTTP/1.1" 200 23032
03-10-2026 14:53:57 - INFO - [32m [200 ok] Itaú: Succes
03-10-2026 14:53:57 - DEBUG - Starting new HTTPS connection (1): www.bradesco.com.br:443
03-10-2026 14:53:57 - DEBUG - https://www.bradesco.com.br:443 "GET / HTTP/1.1" 301 0
03-10-2026 14:53:57 - DEBUG - Starting new HTTPS connection (1): banco.bradesco:443
03-10-2026 14:53:58 - DEBUG - https://banco.bradesco:443 "GET / HTTP/1.1" 200 3449
03-10-2026 14:53:58 - INFO - [32m [200 ok] Bradesco: Succes
03-10-2026 14:53:58 - DEBUG - Starting new HTTPS connection (1): www.caixa.gov.br:443
03-10-2026 14:53:58 - DEBUG - https://www.caixa.gov.br:443 "GET / HTTP/1.1" 302 None
03-10-2026 14:53:58 - DEBUG - https://www.caixa.gov.br:443 "GET / HTTP/1.1" 302 170
03-10-2026 14:53:58 - DEBUG - Starting new HTTP connection (1): www.caixa.gov.br:80
03-10-2026 14:53:58 - DEBUG - http://www.caixa.gov.br:80 "GET /Paginas/home-caixa.aspx HTTP/1.1" 301 162
03-10-2026 14:53:58 - DEBUG - https://www.caixa.gov.br:443 "GET /Paginas/home-caixa.aspx HTTP/1.1" 200 None
03-10-2026 14:53:58 - INFO - [32m [200 ok] Caixa Econômica Federal: Succes
03-10-2026 14:53:58 - DEBUG - Starting new HTTPS connection (1): www.santander.com.br:443
03-10-2026 14:53:59 - DEBUG - https://www.santander.com.br:443 "GET / HTTP/1.1" 200 20583
03-10-2026 14:53:59 - INFO - [32m [200 ok] Santander: Succes
03-10-2026 14:53:59 - DEBUG - Starting new HTTPS connection (1): nubank.com.br:443
03-10-2026 14:53:59 - DEBUG - https://nubank.com.br:443 "GET / HTTP/1.1" 200 None
03-10-2026 14:53:59 - INFO - [32m [200 ok] Nubank: Succes
03-10-2026 14:53:59 - DEBUG - Starting new HTTPS connection (1): bancointer.com.br:443
03-10-2026 14:53:59 - DEBUG - https://bancointer.com.br:443 "GET / HTTP/1.1" 301 0
03-10-2026 14:53:59 - DEBUG - Starting new HTTPS connection (1): inter.co:443
03-10-2026 14:53:59 - DEBUG - https://inter.co:443 "GET / HTTP/1.1" 200 None
03-10-2026 14:53:59 - INFO - [32m [200 ok] Banco Inter: Succes
03-10-2026 14:53:59 - DEBUG - Starting new HTTPS connection (1): www.softwareexpress.com.br:443
03-10-2026 14:53:59 - DEBUG - https://www.softwareexpress.com.br:443 "GET / HTTP/1.1" 200 90326
03-10-2026 14:53:59 - INFO - [32m [200 ok] Software Express / SiTef (Site Institucional): Succes
03-10-2026 14:53:59 - DEBUG - Starting new HTTPS connection (1): www.softwareexp555ress.com.br:443
03-10-2026 14:53:59 - CRITICAL - [31mFalha ao conectar: Software Express / SiTef (Site Institucional) - Teste Erro
03-10-2026 14:55:11 - DEBUG - Starting new HTTPS connection (1): mc.acquaventura.com.br:18090
03-10-2026 14:55:11 - DEBUG - https://mc.acquaventura.com.br:18090 "GET /(EADEE697-213B-41E4-8806-BFA80E31144B)/retail.svc HTTP/1.1" 200 3247
03-10-2026 14:55:11 - INFO - [32m [200 ok] API MultiClubes Fatto: Succes
03-10-2026 14:55:11 - DEBUG - Starting new HTTPS connection (1): s3.sa-east-1.amazonaws.com:443
03-10-2026 14:55:11 - DEBUG - https://s3.sa-east-1.amazonaws.com:443 "GET / HTTP/1.1" 307 0
03-10-2026 14:55:11 - DEBUG - Starting new HTTPS connection (1): aws.amazon.com:443
03-10-2026 14:55:12 - DEBUG - https://aws.amazon.com:443 "GET /s3/ HTTP/1.1" 200 None
03-10-2026 14:55:12 - INFO - [32m [200 ok] AWS (S3-São Paulo): Succes
03-10-2026 14:55:12 - DEBUG - Starting new HTTPS connection (1): ec2.sa-east-1.amazonaws.com:443
03-10-2026 14:55:12 - DEBUG - https://ec2.sa-east-1.amazonaws.com:443 "GET / HTTP/1.1" 301 0
03-10-2026 14:55:12 - DEBUG - Starting new HTTPS connection (1): aws.amazon.com:443
03-10-2026 14:55:12 - DEBUG - https://aws.amazon.com:443 "GET /ec2 HTTP/1.1" 301 0
03-10-2026 14:55:12 - DEBUG - https://aws.amazon.com:443 "GET /ec2/ HTTP/1.1" 200 None
03-10-2026 14:55:12 - INFO - [32m [200 ok] AWS (EC2-São Paulo): Succes
03-10-2026 14:55:12 - DEBUG - Starting new HTTPS connection (1): www.google.com:443
03-10-2026 14:55:13 - DEBUG - https://www.google.com:443 "GET / HTTP/1.1" 200 None
03-10-2026 14:55:13 - INFO - [32m [200 ok] Google: Succes
03-10-2026 14:55:13 - DEBUG - Starting new HTTPS connection (1): www.bcb.gov.br:443
03-10-2026 14:55:13 - DEBUG - https://www.bcb.gov.br:443 "GET / HTTP/1.1" 200 2871
03-10-2026 14:55:13 - INFO - [32m [200 ok] BCB: Succes
03-10-2026 14:55:13 - DEBUG - Starting new HTTPS connection (1): www.bb.com.br:443
03-10-2026 14:55:13 - DEBUG - https://www.bb.com.br:443 "GET / HTTP/1.1" 200 None
03-10-2026 14:55:13 - INFO - [32m [200 ok] Banco do Brasil: Succes
03-10-2026 14:55:13 - DEBUG - Starting new HTTPS connection (1): www.itau.com.br:443
03-10-2026 14:55:13 - DEBUG - https://www.itau.com.br:443 "GET / HTTP/1.1" 200 23032
03-10-2026 14:55:13 - INFO - [32m [200 ok] Itaú: Succes
03-10-2026 14:55:13 - DEBUG - Starting new HTTPS connection (1): www.bradesco.com.br:443
03-10-2026 14:55:14 - DEBUG - https://www.bradesco.com.br:443 "GET / HTTP/1.1" 301 0
03-10-2026 14:55:14 - DEBUG - Starting new HTTPS connection (1): banco.bradesco:443
03-10-2026 14:55:14 - DEBUG - https://banco.bradesco:443 "GET / HTTP/1.1" 200 3449
03-10-2026 14:55:14 - INFO - [32m [200 ok] Bradesco: Succes
03-10-2026 14:55:14 - DEBUG - Starting new HTTPS connection (1): www.caixa.gov.br:443
03-10-2026 14:55:14 - DEBUG - https://www.caixa.gov.br:443 "GET / HTTP/1.1" 302 None
03-10-2026 14:55:14 - DEBUG - https://www.caixa.gov.br:443 "GET / HTTP/1.1" 302 170
03-10-2026 14:55:14 - DEBUG - Starting new HTTP connection (1): www.caixa.gov.br:80
03-10-2026 14:55:14 - DEBUG - http://www.caixa.gov.br:80 "GET /Paginas/home-caixa.aspx HTTP/1.1" 301 162
03-10-2026 14:55:15 - DEBUG - https://www.caixa.gov.br:443 "GET /Paginas/home-caixa.aspx HTTP/1.1" 200 None
03-10-2026 14:55:15 - INFO - [32m [200 ok] Caixa Econômica Federal: Succes
03-10-2026 14:55:15 - DEBUG - Starting new HTTPS connection (1): www.santander.com.br:443
03-10-2026 14:55:15 - DEBUG - https://www.santander.com.br:443 "GET / HTTP/1.1" 200 20585
03-10-2026 14:55:15 - INFO - [32m [200 ok] Santander: Succes
03-10-2026 14:55:15 - DEBUG - Starting new HTTPS connection (1): nubank.com.br:443
03-10-2026 14:55:15 - DEBUG - https://nubank.com.br:443 "GET / HTTP/1.1" 200 None
03-10-2026 14:55:15 - INFO - [32m [200 ok] Nubank: Succes
03-10-2026 14:55:15 - DEBUG - Starting new HTTPS connection (1): bancointer.com.br:443
03-10-2026 14:55:15 - DEBUG - https://bancointer.com.br:443 "GET / HTTP/1.1" 301 0
03-10-2026 14:55:15 - DEBUG - Starting new HTTPS connection (1): inter.co:443
03-10-2026 14:55:16 - DEBUG - https://inter.co:443 "GET / HTTP/1.1" 200 None
03-10-2026 14:55:16 - INFO - [32m [200 ok] Banco Inter: Succes
03-10-2026 14:55:16 - DEBUG - Starting new HTTPS connection (1): www.softwareexpress.com.br:443
03-10-2026 14:55:16 - DEBUG - https://www.softwareexpress.com.br:443 "GET / HTTP/1.1" 200 90326
03-10-2026 14:55:16 - INFO - [32m [200 ok] Software Express / SiTef (Site Institucional): Succes
03-10-2026 14:55:16 - DEBUG - Starting new HTTPS connection (1): www.softwareexp555ress.com.br:443
03-10-2026 14:55:16 - CRITICAL - [31mFalha ao conectar: Software Express / SiTef (Site Institucional) - Teste Erro
03-10-2026 14:58:44 - DEBUG - Starting new HTTPS connection (1): mc.acquaventura.com.br:18090
03-10-2026 14:58:44 - DEBUG - https://mc.acquaventura.com.br:18090 "GET /(EADEE697-213B-41E4-8806-BFA80E31144B)/retail.svc HTTP/1.1" 200 3247
03-10-2026 14:58:44 - INFO - [32m [200 ok] API MultiClubes Fatto: Succes
03-10-2026 14:58:44 - DEBUG - Starting new HTTPS connection (1): s3.sa-east-1.amazonaws.com:443
03-10-2026 14:58:45 - DEBUG - https://s3.sa-east-1.amazonaws.com:443 "GET / HTTP/1.1" 307 0
03-10-2026 14:58:45 - DEBUG - Starting new HTTPS connection (1): aws.amazon.com:443
03-10-2026 14:58:45 - DEBUG - https://aws.amazon.com:443 "GET /s3/ HTTP/1.1" 200 None
03-10-2026 14:58:45 - INFO - [32m [200 ok] AWS (S3-São Paulo): Succes
03-10-2026 14:58:45 - DEBUG - Starting new HTTPS connection (1): ec2.sa-east-1.amazonaws.com:443
03-10-2026 14:58:45 - DEBUG - https://ec2.sa-east-1.amazonaws.com:443 "GET / HTTP/1.1" 301 0
03-10-2026 14:58:45 - DEBUG - Starting new HTTPS connection (1): aws.amazon.com:443
03-10-2026 14:58:46 - DEBUG - https://aws.amazon.com:443 "GET /ec2 HTTP/1.1" 301 0
03-10-2026 14:58:46 - DEBUG - https://aws.amazon.com:443 "GET /ec2/ HTTP/1.1" 200 None
03-10-2026 14:58:46 - INFO - [32m [200 ok] AWS (EC2-São Paulo): Succes
03-10-2026 14:58:46 - DEBUG - Starting new HTTPS connection (1): www.google.com:443
03-10-2026 14:58:46 - DEBUG - https://www.google.com:443 "GET / HTTP/1.1" 200 None
03-10-2026 14:58:46 - INFO - [32m [200 ok] Google: Succes
03-10-2026 14:58:46 - DEBUG - Starting new HTTPS connection (1): www.bcb.gov.br:443
03-10-2026 14:58:47 - DEBUG - https://www.bcb.gov.br:443 "GET / HTTP/1.1" 200 2871
03-10-2026 14:58:47 - INFO - [32m [200 ok] BCB: Succes
03-10-2026 14:58:47 - DEBUG - Starting new HTTPS connection (1): www.bb.com.br:443
03-10-2026 14:58:47 - DEBUG - https://www.bb.com.br:443 "GET / HTTP/1.1" 200 None
03-10-2026 14:58:47 - INFO - [32m [200 ok] Banco do Brasil: Succes
03-10-2026 14:58:47 - DEBUG - Starting new HTTPS connection (1): www.itau.com.br:443
03-10-2026 14:58:47 - DEBUG - https://www.itau.com.br:443 "GET / HTTP/1.1" 200 23032
03-10-2026 14:58:47 - INFO - [32m [200 ok] Itaú: Succes
03-10-2026 14:58:47 - DEBUG - Starting new HTTPS connection (1): www.bradesco.com.br:443
03-10-2026 14:58:48 - DEBUG - https://www.bradesco.com.br:443 "GET / HTTP/1.1" 301 0
03-10-2026 14:58:48 - DEBUG - Starting new HTTPS connection (1): banco.bradesco:443
03-10-2026 14:58:48 - DEBUG - https://banco.bradesco:443 "GET / HTTP/1.1" 200 3452
03-10-2026 14:58:48 - INFO - [32m [200 ok] Bradesco: Succes
03-10-2026 14:58:48 - DEBUG - Starting new HTTPS connection (1): www.caixa.gov.br:443
03-10-2026 14:58:48 - DEBUG - https://www.caixa.gov.br:443 "GET / HTTP/1.1" 302 None
03-10-2026 14:58:48 - DEBUG - https://www.caixa.gov.br:443 "GET / HTTP/1.1" 302 170
03-10-2026 14:58:48 - DEBUG - Starting new HTTP connection (1): www.caixa.gov.br:80
03-10-2026 14:58:48 - DEBUG - http://www.caixa.gov.br:80 "GET /Paginas/home-caixa.aspx HTTP/1.1" 301 162
03-10-2026 14:58:49 - DEBUG - https://www.caixa.gov.br:443 "GET /Paginas/home-caixa.aspx HTTP/1.1" 200 None
03-10-2026 14:58:49 - INFO - [32m [200 ok] Caixa Econômica Federal: Succes
03-10-2026 14:58:49 - DEBUG - Starting new HTTPS connection (1): www.santander.com.br:443
03-10-2026 14:58:49 - DEBUG - https://www.santander.com.br:443 "GET / HTTP/1.1" 200 20582
03-10-2026 14:58:49 - INFO - [32m [200 ok] Santander: Succes
03-10-2026 14:58:49 - DEBUG - Starting new HTTPS connection (1): nubank.com.br:443
03-10-2026 14:58:49 - DEBUG - https://nubank.com.br:443 "GET / HTTP/1.1" 200 None
03-10-2026 14:58:49 - INFO - [32m [200 ok] Nubank: Succes
03-10-2026 14:58:49 - DEBUG - Starting new HTTPS connection (1): bancointer.com.br:443
03-10-2026 14:58:50 - DEBUG - https://bancointer.com.br:443 "GET / HTTP/1.1" 301 0
03-10-2026 14:58:50 - DEBUG - Starting new HTTPS connection (1): inter.co:443
03-10-2026 14:58:50 - DEBUG - https://inter.co:443 "GET / HTTP/1.1" 200 None
03-10-2026 14:58:50 - INFO - [32m [200 ok] Banco Inter: Succes
03-10-2026 14:58:50 - DEBUG - Starting new HTTPS connection (1): www.softwareexpress.com.br:443
03-10-2026 14:58:50 - DEBUG - https://www.softwareexpress.com.br:443 "GET / HTTP/1.1" 200 90326
03-10-2026 14:58:50 - INFO - [32m [200 ok] Software Express / SiTef (Site Institucional): Succes
03-10-2026 14:58:50 - DEBUG - Starting new HTTPS connection (1): www.softwareexp555ress.com.br:443
03-10-2026 14:58:50 - CRITICAL - [31mFalha ao conectar: Software Express / SiTef (Site Institucional) - Teste Erro
03-10-2026 15:00:25 - DEBUG - Starting new HTTPS connection (1): mc.acquaventura.com.br:18090
03-10-2026 15:00:25 - DEBUG - https://mc.acquaventura.com.br:18090 "GET /(EADEE697-213B-41E4-8806-BFA80E31144B)/retail.svc HTTP/1.1" 200 3247
03-10-2026 15:00:25 - INFO - [32m [200 ok] API MultiClubes Fatto: Succes
03-10-2026 15:00:25 - DEBUG - Starting new HTTPS connection (1): s3.sa-east-1.amazonaws.com:443
03-10-2026 15:00:25 - DEBUG - https://s3.sa-east-1.amazonaws.com:443 "GET / HTTP/1.1" 307 0
03-10-2026 15:00:25 - DEBUG - Starting new HTTPS connection (1): aws.amazon.com:443
03-10-2026 15:00:26 - DEBUG - https://aws.amazon.com:443 "GET /s3/ HTTP/1.1" 200 None
03-10-2026 15:00:26 - INFO - [32m [200 ok] AWS (S3-São Paulo): Succes
03-10-2026 15:00:26 - DEBUG - Starting new HTTPS connection (1): ec2.sa-east-1.amazonaws.com:443
03-10-2026 15:00:26 - DEBUG - https://ec2.sa-east-1.amazonaws.com:443 "GET / HTTP/1.1" 301 0
03-10-2026 15:00:26 - DEBUG - Starting new HTTPS connection (1): aws.amazon.com:443
03-10-2026 15:00:27 - DEBUG - https://aws.amazon.com:443 "GET /ec2 HTTP/1.1" 301 0
03-10-2026 15:00:27 - DEBUG - https://aws.amazon.com:443 "GET /ec2/ HTTP/1.1" 200 None
03-10-2026 15:00:27 - INFO - [32m [200 ok] AWS (EC2-São Paulo): Succes
03-10-2026 15:00:27 - DEBUG - Starting new HTTPS connection (1): www.google.com:443
03-10-2026 15:00:27 - DEBUG - https://www.google.com:443 "GET / HTTP/1.1" 200 None
03-10-2026 15:00:27 - INFO - [32m [200 ok] Google: Succes
03-10-2026 15:00:27 - DEBUG - Starting new HTTPS connection (1): www.bcb.gov.br:443
03-10-2026 15:00:28 - DEBUG - https://www.bcb.gov.br:443 "GET / HTTP/1.1" 200 2871
03-10-2026 15:00:28 - INFO - [32m [200 ok] BCB: Succes
03-10-2026 15:00:28 - DEBUG - Starting new HTTPS connection (1): www.bb.com.br:443
03-10-2026 15:00:28 - DEBUG - https://www.bb.com.br:443 "GET / HTTP/1.1" 200 None
03-10-2026 15:00:28 - INFO - [32m [200 ok] Banco do Brasil: Succes
03-10-2026 15:00:28 - DEBUG - Starting new HTTPS connection (1): www.itau.com.br:443
03-10-2026 15:00:28 - DEBUG - https://www.itau.com.br:443 "GET / HTTP/1.1" 200 23032
03-10-2026 15:00:28 - INFO - [32m [200 ok] Itaú: Succes
03-10-2026 15:00:28 - DEBUG - Starting new HTTPS connection (1): www.bradesco.com.br:443
03-10-2026 15:00:29 - DEBUG - https://www.bradesco.com.br:443 "GET / HTTP/1.1" 301 0
03-10-2026 15:00:29 - DEBUG - Starting new HTTPS connection (1): banco.bradesco:443
03-10-2026 15:00:29 - DEBUG - https://banco.bradesco:443 "GET / HTTP/1.1" 200 3450
03-10-2026 15:00:29 - INFO - [32m [200 ok] Bradesco: Succes
03-10-2026 15:00:29 - DEBUG - Starting new HTTPS connection (1): www.caixa.gov.br:443
03-10-2026 15:00:29 - DEBUG - https://www.caixa.gov.br:443 "GET / HTTP/1.1" 302 None
03-10-2026 15:00:29 - DEBUG - https://www.caixa.gov.br:443 "GET / HTTP/1.1" 302 170
03-10-2026 15:00:29 - DEBUG - Starting new HTTP connection (1): www.caixa.gov.br:80
03-10-2026 15:00:30 - DEBUG - http://www.caixa.gov.br:80 "GET /Paginas/home-caixa.aspx HTTP/1.1" 301 162
03-10-2026 15:00:30 - DEBUG - https://www.caixa.gov.br:443 "GET /Paginas/home-caixa.aspx HTTP/1.1" 200 None
03-10-2026 15:00:30 - INFO - [32m [200 ok] Caixa Econômica Federal: Succes
03-10-2026 15:00:30 - DEBUG - Starting new HTTPS connection (1): www.santander.com.br:443
03-10-2026 15:00:30 - DEBUG - https://www.santander.com.br:443 "GET / HTTP/1.1" 200 20581
03-10-2026 15:00:30 - INFO - [32m [200 ok] Santander: Succes
03-10-2026 15:00:30 - DEBUG - Starting new HTTPS connection (1): nubank.com.br:443
03-10-2026 15:00:30 - DEBUG - https://nubank.com.br:443 "GET / HTTP/1.1" 200 None
03-10-2026 15:00:30 - INFO - [32m [200 ok] Nubank: Succes
03-10-2026 15:00:30 - DEBUG - Starting new HTTPS connection (1): bancointer.com.br:443
03-10-2026 15:00:31 - DEBUG - https://bancointer.com.br:443 "GET / HTTP/1.1" 301 0
03-10-2026 15:00:31 - DEBUG - Starting new HTTPS connection (1): inter.co:443
03-10-2026 15:00:31 - DEBUG - https://inter.co:443 "GET / HTTP/1.1" 200 None
03-10-2026 15:00:31 - INFO - [32m [200 ok] Banco Inter: Succes
03-10-2026 15:00:31 - DEBUG - Starting new HTTPS connection (1): www.softwareexpress.com.br:443
03-10-2026 15:00:31 - DEBUG - https://www.softwareexpress.com.br:443 "GET / HTTP/1.1" 200 90326
03-10-2026 15:00:31 - INFO - [32m [200 ok] Software Express / SiTef (Site Institucional): Succes
03-10-2026 15:00:31 - DEBUG - Starting new HTTPS connection (1): www.softwareexp555ress.com.br:443
03-10-2026 15:00:31 - CRITICAL - [31mFalha ao conectar: Software Express / SiTef (Site Institucional) - Teste Erro
03-10-2026 15:02:31 - DEBUG - Starting new HTTPS connection (1): mc.acquaventura.com.br:18090
03-10-2026 15:02:31 - DEBUG - https://mc.acquaventura.com.br:18090 "GET /(EADEE697-213B-41E4-8806-BFA80E31144B)/retail.svc HTTP/1.1" 200 3247
03-10-2026 15:02:31 - INFO - [32m [200 ok] API MultiClubes Fatto: Succes
03-10-2026 15:02:31 - DEBUG - Starting new HTTPS connection (1): s3.sa-east-1.amazonaws.com:443
03-10-2026 15:02:32 - DEBUG - https://s3.sa-east-1.amazonaws.com:443 "GET / HTTP/1.1" 307 0
03-10-2026 15:02:32 - DEBUG - Starting new HTTPS connection (1): aws.amazon.com:443
03-10-2026 15:02:32 - DEBUG - https://aws.amazon.com:443 "GET /s3/ HTTP/1.1" 200 None
03-10-2026 15:02:32 - INFO - [32m [200 ok] AWS (S3-São Paulo): Succes
03-10-2026 15:02:32 - DEBUG - Starting new HTTPS connection (1): ec2.sa-east-1.amazonaws.com:443
03-10-2026 15:02:32 - DEBUG - https://ec2.sa-east-1.amazonaws.com:443 "GET / HTTP/1.1" 301 0
03-10-2026 15:02:32 - DEBUG - Starting new HTTPS connection (1): aws.amazon.com:443
03-10-2026 15:02:33 - DEBUG - https://aws.amazon.com:443 "GET /ec2 HTTP/1.1" 301 0
03-10-2026 15:02:33 - DEBUG - https://aws.amazon.com:443 "GET /ec2/ HTTP/1.1" 200 None
03-10-2026 15:02:33 - INFO - [32m [200 ok] AWS (EC2-São Paulo): Succes
03-10-2026 15:02:33 - DEBUG - Starting new HTTPS connection (1): www.google.com:443
03-10-2026 15:02:33 - DEBUG - https://www.google.com:443 "GET / HTTP/1.1" 200 None
03-10-2026 15:02:33 - INFO - [32m [200 ok] Google: Succes
03-10-2026 15:02:33 - DEBUG - Starting new HTTPS connection (1): www.bcb.gov.br:443
03-10-2026 15:02:34 - DEBUG - https://www.bcb.gov.br:443 "GET / HTTP/1.1" 200 2871
03-10-2026 15:02:34 - INFO - [32m [200 ok] BCB: Succes
03-10-2026 15:02:34 - DEBUG - Starting new HTTPS connection (1): www.bb.com.br:443
03-10-2026 15:02:34 - DEBUG - https://www.bb.com.br:443 "GET / HTTP/1.1" 200 None
03-10-2026 15:02:34 - INFO - [32m [200 ok] Banco do Brasil: Succes
03-10-2026 15:02:34 - DEBUG - Starting new HTTPS connection (1): www.itau.com.br:443
03-10-2026 15:02:34 - DEBUG - https://www.itau.com.br:443 "GET / HTTP/1.1" 200 23032
03-10-2026 15:02:34 - INFO - [32m [200 ok] Itaú: Succes
03-10-2026 15:02:34 - DEBUG - Starting new HTTPS connection (1): www.bradesco.com.br:443
03-10-2026 15:02:34 - DEBUG - https://www.bradesco.com.br:443 "GET / HTTP/1.1" 301 0
03-10-2026 15:02:34 - DEBUG - Starting new HTTPS connection (1): banco.bradesco:443
03-10-2026 15:02:35 - DEBUG - https://banco.bradesco:443 "GET / HTTP/1.1" 200 3455
03-10-2026 15:02:35 - INFO - [32m [200 ok] Bradesco: Succes
03-10-2026 15:02:35 - DEBUG - Starting new HTTPS connection (1): www.caixa.gov.br:443
03-10-2026 15:02:35 - DEBUG - https://www.caixa.gov.br:443 "GET / HTTP/1.1" 302 None
03-10-2026 15:02:35 - DEBUG - https://www.caixa.gov.br:443 "GET / HTTP/1.1" 302 170
03-10-2026 15:02:35 - DEBUG - Starting new HTTP connection (1): www.caixa.gov.br:80
03-10-2026 15:02:35 - DEBUG - http://www.caixa.gov.br:80 "GET /Paginas/home-caixa.aspx HTTP/1.1" 301 162
03-10-2026 15:02:35 - DEBUG - https://www.caixa.gov.br:443 "GET /Paginas/home-caixa.aspx HTTP/1.1" 200 None
03-10-2026 15:02:35 - INFO - [32m [200 ok] Caixa Econômica Federal: Succes
03-10-2026 15:02:35 - DEBUG - Starting new HTTPS connection (1): www.santander.com.br:443
03-10-2026 15:02:36 - DEBUG - https://www.santander.com.br:443 "GET / HTTP/1.1" 200 20584
03-10-2026 15:02:36 - INFO - [32m [200 ok] Santander: Succes
03-10-2026 15:02:36 - DEBUG - Starting new HTTPS connection (1): nubank.com.br:443
03-10-2026 15:02:36 - DEBUG - https://nubank.com.br:443 "GET / HTTP/1.1" 200 None
03-10-2026 15:02:36 - INFO - [32m [200 ok] Nubank: Succes
03-10-2026 15:02:36 - DEBUG - Starting new HTTPS connection (1): bancointer.com.br:443
03-10-2026 15:02:36 - DEBUG - https://bancointer.com.br:443 "GET / HTTP/1.1" 301 0
03-10-2026 15:02:36 - DEBUG - Starting new HTTPS connection (1): inter.co:443
03-10-2026 15:02:36 - DEBUG - https://inter.co:443 "GET / HTTP/1.1" 200 None
03-10-2026 15:02:36 - INFO - [32m [200 ok] Banco Inter: Succes
03-10-2026 15:02:36 - DEBUG - Starting new HTTPS connection (1): www.softwareexpress.com.br:443
03-10-2026 15:02:37 - DEBUG - https://www.softwareexpress.com.br:443 "GET / HTTP/1.1" 200 90326
03-10-2026 15:02:37 - INFO - [32m [200 ok] Software Express / SiTef (Site Institucional): Succes
03-10-2026 15:02:37 - DEBUG - Starting new HTTPS connection (1): www.softwareexp555ress.com.br:443
03-10-2026 15:02:37 - CRITICAL - [31mFalha ao conectar: Software Express / SiTef (Site Institucional) - Teste Erro
03-10-2026 15:06:36 - DEBUG - Starting new HTTPS connection (1): mc.acquaventura.com.br:18090
03-10-2026 15:06:36 - DEBUG - https://mc.acquaventura.com.br:18090 "GET /(EADEE697-213B-41E4-8806-BFA80E31144B)/retail.svc HTTP/1.1" 200 3247
03-10-2026 15:06:36 - INFO - [32m [200 ok] API MultiClubes Fatto: Succes
03-10-2026 15:06:36 - DEBUG - Starting new HTTPS connection (1): s3.sa-east-1.amazonaws.com:443
03-10-2026 15:06:36 - DEBUG - https://s3.sa-east-1.amazonaws.com:443 "GET / HTTP/1.1" 307 0
03-10-2026 15:06:36 - DEBUG - Starting new HTTPS connection (1): aws.amazon.com:443
03-10-2026 15:06:37 - DEBUG - https://aws.amazon.com:443 "GET /s3/ HTTP/1.1" 200 None
03-10-2026 15:06:37 - INFO - [32m [200 ok] AWS (S3-São Paulo): Succes
03-10-2026 15:06:37 - DEBUG - Starting new HTTPS connection (1): ec2.sa-east-1.amazonaws.com:443
03-10-2026 15:06:37 - DEBUG - https://ec2.sa-east-1.amazonaws.com:443 "GET / HTTP/1.1" 301 0
03-10-2026 15:06:37 - DEBUG - Starting new HTTPS connection (1): aws.amazon.com:443
03-10-2026 15:06:37 - DEBUG - https://aws.amazon.com:443 "GET /ec2 HTTP/1.1" 301 0
03-10-2026 15:06:38 - DEBUG - https://aws.amazon.com:443 "GET /ec2/ HTTP/1.1" 200 None
03-10-2026 15:06:38 - INFO - [32m [200 ok] AWS (EC2-São Paulo): Succes
03-10-2026 15:06:38 - DEBUG - Starting new HTTPS connection (1): www.google.com:443
03-10-2026 15:06:38 - DEBUG - https://www.google.com:443 "GET / HTTP/1.1" 200 None
03-10-2026 15:06:38 - INFO - [32m [200 ok] Google: Succes
03-10-2026 15:06:38 - DEBUG - Starting new HTTPS connection (1): www.bcb.gov.br:443
03-10-2026 15:06:38 - DEBUG - https://www.bcb.gov.br:443 "GET / HTTP/1.1" 200 2871
03-10-2026 15:06:38 - INFO - [32m [200 ok] BCB: Succes
03-10-2026 15:06:38 - DEBUG - Starting new HTTPS connection (1): www.bb.com.br:443
03-10-2026 15:06:39 - DEBUG - https://www.bb.com.br:443 "GET / HTTP/1.1" 200 None
03-10-2026 15:06:39 - INFO - [32m [200 ok] Banco do Brasil: Succes
03-10-2026 15:06:39 - DEBUG - Starting new HTTPS connection (1): www.itau.com.br:443
03-10-2026 15:06:39 - DEBUG - https://www.itau.com.br:443 "GET / HTTP/1.1" 200 23032
03-10-2026 15:06:39 - INFO - [32m [200 ok] Itaú: Succes
03-10-2026 15:06:39 - DEBUG - Starting new HTTPS connection (1): www.bradesco.com.br:443
03-10-2026 15:06:39 - DEBUG - https://www.bradesco.com.br:443 "GET / HTTP/1.1" 301 0
03-10-2026 15:06:39 - DEBUG - Starting new HTTPS connection (1): banco.bradesco:443
03-10-2026 15:06:40 - DEBUG - https://banco.bradesco:443 "GET / HTTP/1.1" 200 3452
03-10-2026 15:06:40 - INFO - [32m [200 ok] Bradesco: Succes
03-10-2026 15:06:40 - DEBUG - Starting new HTTPS connection (1): www.caixa.gov.br:443
03-10-2026 15:06:40 - DEBUG - https://www.caixa.gov.br:443 "GET / HTTP/1.1" 302 None
03-10-2026 15:06:40 - DEBUG - https://www.caixa.gov.br:443 "GET / HTTP/1.1" 302 170
03-10-2026 15:06:40 - DEBUG - Starting new HTTP connection (1): www.caixa.gov.br:80
03-10-2026 15:06:41 - DEBUG - http://www.caixa.gov.br:80 "GET /Paginas/home-caixa.aspx HTTP/1.1" 301 162
03-10-2026 15:06:41 - DEBUG - https://www.caixa.gov.br:443 "GET /Paginas/home-caixa.aspx HTTP/1.1" 200 None
03-10-2026 15:06:41 - INFO - [32m [200 ok] Caixa Econômica Federal: Succes
03-10-2026 15:06:41 - DEBUG - Starting new HTTPS connection (1): www.santander.com.br:443
03-10-2026 15:06:41 - DEBUG - https://www.santander.com.br:443 "GET / HTTP/1.1" 200 20584
03-10-2026 15:06:41 - INFO - [32m [200 ok] Santander: Succes
03-10-2026 15:06:41 - DEBUG - Starting new HTTPS connection (1): nubank.com.br:443
03-10-2026 15:06:42 - DEBUG - https://nubank.com.br:443 "GET / HTTP/1.1" 200 None
03-10-2026 15:06:42 - INFO - [32m [200 ok] Nubank: Succes
03-10-2026 15:06:42 - DEBUG - Starting new HTTPS connection (1): bancointer.com.br:443
03-10-2026 15:06:42 - DEBUG - https://bancointer.com.br:443 "GET / HTTP/1.1" 301 0
03-10-2026 15:06:42 - DEBUG - Starting new HTTPS connection (1): inter.co:443
03-10-2026 15:06:42 - DEBUG - https://inter.co:443 "GET / HTTP/1.1" 200 None
03-10-2026 15:06:42 - INFO - [32m [200 ok] Banco Inter: Succes
03-10-2026 15:06:42 - DEBUG - Starting new HTTPS connection (1): www.softwareexpress.com.br:443
03-10-2026 15:06:43 - DEBUG - https://www.softwareexpress.com.br:443 "GET / HTTP/1.1" 200 90326
03-10-2026 15:06:43 - INFO - [32m [200 ok] Software Express / SiTef (Site Institucional): Succes
03-10-2026 15:06:43 - DEBUG - Starting new HTTPS connection (1): www.softwareexp555ress.com.br:443
03-10-2026 15:06:43 - CRITICAL - [31mFalha ao conectar: Software Express / SiTef (Site Institucional) - Teste Erro
